{
    "datetime": "2026-01-03 11:17:20",
    "accion": "aprobarContrato",
    "contract_id": "187",
    "contract_data": {
        "id": "187",
        "lot_id": "169",
        "customer_id": "203",
        "sponsor_id": null,
        "payment_plan_id": "2",
        "contract_number": "GV-2026-187",
        "total_amount": "1000.00",
        "down_payment": "0.00",
        "financed_amount": "0.00",
        "monthly_payment": "83.33",
        "interest_rate": "0.00",
        "contract_date": "2026-01-03",
        "start_date": "0000-00-00",
        "end_date": "0000-00-00",
        "status": "active",
        "contract_file": "uploads\/comprobantes\/1767457004_2ca6f80c5469d9fbd93a.jpg",
        "voucher_url": "uploads\/comprobantes\/1767457004_2ca6f80c5469d9fbd93a.jpg",
        "is_approved": "0",
        "is_rejected": "0",
        "notes": null,
        "created_at": "2026-01-03 11:16:44",
        "updated_at": "2026-01-03 11:16:44",
        "financing_months": "12",
        "reservation_amount": null,
        "reservation_date": null,
        "is_reserved": "0",
        "contract_type": "arras",
        "bonus_id": null
    },
    "sponsor_id_asignado": "28",
    "comisiones_existentes": [],
    "resultado": "Contrato aprobado, comisión 5% generada (no existía)",
    "comision_creada": {
        "venta_id": "187",
        "beneficiario_id": "28",
        "tipo_comision": "venta_base",
        "monto": 50,
        "porcentaje": 5,
        "estado": "aprobada",
        "fecha_generada": "2026-01-03 11:17:20",
        "created_at": "2026-01-03 11:17:20",
        "updated_at": "2026-01-03 11:17:20"
    },
    "bonus_aplicado": false
}