2026-01-03 11:13:53
Array
(
    [0] => Array
        (
            [id] => 122
            [venta_id] => 185
            [beneficiario_id] => 28
            [tipo_comision] => venta_base
            [monto] => 50.00
            [porcentaje] => 5.00
            [estado] => aprobada
            [fecha_generada] => 2026-01-02 19:14:23
            [created_at] => 2026-01-02 19:14:23
            [updated_at] => 2026-01-02 19:14:23
            [customer_name] => Rolando Irvyng
        )

    [1] => Array
        (
            [id] => 121
            [venta_id] => 184
            [beneficiario_id] => 28
            [tipo_comision] => venta_base
            [monto] => 50.00
            [porcentaje] => 5.00
            [estado] => aprobada
            [fecha_generada] => 2026-01-02 19:10:37
            [created_at] => 2026-01-02 19:10:37
            [updated_at] => 2026-01-02 19:10:37
            [customer_name] => Rolando Irvyng
        )

)

----------------------
2026-01-03 11:13:57
Array
(
    [0] => Array
        (
            [id] => 122
            [venta_id] => 185
            [beneficiario_id] => 28
            [tipo_comision] => venta_base
            [monto] => 50.00
            [porcentaje] => 5.00
            [estado] => aprobada
            [fecha_generada] => 2026-01-02 19:14:23
            [created_at] => 2026-01-02 19:14:23
            [updated_at] => 2026-01-02 19:14:23
            [beneficiario_nombre] => Rolando Irvyng
            [customer_name] => 
        )

)

----------------------
