{
    "datetime": "2026-02-10 13:31:19",
    "accion": "reservar",
    "contrato_data": {
        "lot_id": "160",
        "customer_id": "1",
        "total_amount": "20000.00",
        "reservation_amount": "1000",
        "reservation_date": "2026-02-10",
        "contract_date": "2026-02-10",
        "status": "reservado",
        "contract_file": null,
        "voucher_url": null,
        "contract_number": "GV-2026-189",
        "payment_plan_id": "2",
        "contract_type": "arras",
        "is_reserved": 1,
        "financing_months": "12",
        "sponsor_id": null
    },
    "contract_id": 189,
    "lote_antes": {
        "id": "160",
        "project_id": "49",
        "customer_id": null,
        "lot_number": "5",
        "cadastral_unit": "123456",
        "registry_number": "123456",
        "block": "A",
        "area_sqm": "100.00",
        "base_price": "20000.00",
        "current_price": "20000.00",
        "status": "available",
        "reserved_until": null,
        "sale_date": "2026-01-02 18:51:42",
        "price_last_updated": "2025-12-03 14:33:47",
        "created_at": "2025-12-03 15:33:47",
        "updated_at": "2026-01-02 19:09:00"
    },
    "lote_despues": {
        "id": "160",
        "project_id": "49",
        "customer_id": "1",
        "lot_number": "5",
        "cadastral_unit": "123456",
        "registry_number": "123456",
        "block": "A",
        "area_sqm": "100.00",
        "base_price": "20000.00",
        "current_price": "20000.00",
        "status": "reserved",
        "reserved_until": null,
        "sale_date": "2026-01-02 18:51:42",
        "price_last_updated": "2025-12-03 14:33:47",
        "created_at": "2025-12-03 15:33:47",
        "updated_at": "2026-02-10 13:31:19"
    },
    "update_result": true,
    "cliente_id": "1",
    "request_post": {
        "accion": "reservar",
        "lote": "5",
        "manzana": "A",
        "precio": "20000.00",
        "monto_reserva": "1000",
        "plan_cuotas": "12",
        "nombre": "Alelife Global SAC Empresa",
        "dni": "10709398",
        "email": "contacto@alelifeglobal.com"
    },
    "comprobante_url": null,
    "cronograma": [
        {
            "contract_id": 189,
            "lot_id": "160",
            "payment_plan_id": "2",
            "installment_number": 1,
            "due_date": "2026-02-10",
            "amount": 1666.670000000000072759576141834259033203125,
            "capital": 1666.670000000000072759576141834259033203125,
            "interest": 0,
            "interest_accrued": null,
            "interest_accrued_date": null,
            "balance": 18333.330000000001746229827404022216796875,
            "status": "pending",
            "paid_date": null,
            "paid_amount": null,
            "created_at": "2026-02-10 13:31:19",
            "updated_at": "2026-02-10 13:31:19",
            "pdf_url": null,
            "xml_url": null
        },
        {
            "contract_id": 189,
            "lot_id": "160",
            "payment_plan_id": "2",
            "installment_number": 2,
            "due_date": "2026-03-10",
            "amount": 1666.670000000000072759576141834259033203125,
            "capital": 1666.670000000000072759576141834259033203125,
            "interest": 0,
            "interest_accrued": null,
            "interest_accrued_date": null,
            "balance": 16666.669999999998253770172595977783203125,
            "status": "pending",
            "paid_date": null,
            "paid_amount": null,
            "created_at": "2026-02-10 13:31:19",
            "updated_at": "2026-02-10 13:31:19",
            "pdf_url": null,
            "xml_url": null
        },
        {
            "contract_id": 189,
            "lot_id": "160",
            "payment_plan_id": "2",
            "installment_number": 3,
            "due_date": "2026-04-10",
            "amount": 1666.670000000000072759576141834259033203125,
            "capital": 1666.670000000000072759576141834259033203125,
            "interest": 0,
            "interest_accrued": null,
            "interest_accrued_date": null,
            "balance": 15000,
            "status": "pending",
            "paid_date": null,
            "paid_amount": null,
            "created_at": "2026-02-10 13:31:19",
            "updated_at": "2026-02-10 13:31:19",
            "pdf_url": null,
            "xml_url": null
        },
        {
            "contract_id": 189,
            "lot_id": "160",
            "payment_plan_id": "2",
            "installment_number": 4,
            "due_date": "2026-05-10",
            "amount": 1666.670000000000072759576141834259033203125,
            "capital": 1666.670000000000072759576141834259033203125,
            "interest": 0,
            "interest_accrued": null,
            "interest_accrued_date": null,
            "balance": 13333.329999999999927240423858165740966796875,
            "status": "pending",
            "paid_date": null,
            "paid_amount": null,
            "created_at": "2026-02-10 13:31:19",
            "updated_at": "2026-02-10 13:31:19",
            "pdf_url": null,
            "xml_url": null
        },
        {
            "contract_id": 189,
            "lot_id": "160",
            "payment_plan_id": "2",
            "installment_number": 5,
            "due_date": "2026-06-10",
            "amount": 1666.670000000000072759576141834259033203125,
            "capital": 1666.670000000000072759576141834259033203125,
            "interest": 0,
            "interest_accrued": null,
            "interest_accrued_date": null,
            "balance": 11666.670000000000072759576141834259033203125,
            "status": "pending",
            "paid_date": null,
            "paid_amount": null,
            "created_at": "2026-02-10 13:31:19",
            "updated_at": "2026-02-10 13:31:19",
            "pdf_url": null,
            "xml_url": null
        },
        {
            "contract_id": 189,
            "lot_id": "160",
            "payment_plan_id": "2",
            "installment_number": 6,
            "due_date": "2026-07-10",
            "amount": 1666.670000000000072759576141834259033203125,
            "capital": 1666.670000000000072759576141834259033203125,
            "interest": 0,
            "interest_accrued": null,
            "interest_accrued_date": null,
            "balance": 10000,
            "status": "pending",
            "paid_date": null,
            "paid_amount": null,
            "created_at": "2026-02-10 13:31:19",
            "updated_at": "2026-02-10 13:31:19",
            "pdf_url": null,
            "xml_url": null
        },
        {
            "contract_id": 189,
            "lot_id": "160",
            "payment_plan_id": "2",
            "installment_number": 7,
            "due_date": "2026-08-10",
            "amount": 1666.670000000000072759576141834259033203125,
            "capital": 1666.670000000000072759576141834259033203125,
            "interest": 0,
            "interest_accrued": null,
            "interest_accrued_date": null,
            "balance": 8333.329999999999927240423858165740966796875,
            "status": "pending",
            "paid_date": null,
            "paid_amount": null,
            "created_at": "2026-02-10 13:31:19",
            "updated_at": "2026-02-10 13:31:19",
            "pdf_url": null,
            "xml_url": null
        },
        {
            "contract_id": 189,
            "lot_id": "160",
            "payment_plan_id": "2",
            "installment_number": 8,
            "due_date": "2026-09-10",
            "amount": 1666.670000000000072759576141834259033203125,
            "capital": 1666.670000000000072759576141834259033203125,
            "interest": 0,
            "interest_accrued": null,
            "interest_accrued_date": null,
            "balance": 6666.670000000000072759576141834259033203125,
            "status": "pending",
            "paid_date": null,
            "paid_amount": null,
            "created_at": "2026-02-10 13:31:19",
            "updated_at": "2026-02-10 13:31:19",
            "pdf_url": null,
            "xml_url": null
        },
        {
            "contract_id": 189,
            "lot_id": "160",
            "payment_plan_id": "2",
            "installment_number": 9,
            "due_date": "2026-10-10",
            "amount": 1666.670000000000072759576141834259033203125,
            "capital": 1666.670000000000072759576141834259033203125,
            "interest": 0,
            "interest_accrued": null,
            "interest_accrued_date": null,
            "balance": 5000,
            "status": "pending",
            "paid_date": null,
            "paid_amount": null,
            "created_at": "2026-02-10 13:31:19",
            "updated_at": "2026-02-10 13:31:19",
            "pdf_url": null,
            "xml_url": null
        },
        {
            "contract_id": 189,
            "lot_id": "160",
            "payment_plan_id": "2",
            "installment_number": 10,
            "due_date": "2026-11-10",
            "amount": 1666.670000000000072759576141834259033203125,
            "capital": 1666.670000000000072759576141834259033203125,
            "interest": 0,
            "interest_accrued": null,
            "interest_accrued_date": null,
            "balance": 3333.329999999999927240423858165740966796875,
            "status": "pending",
            "paid_date": null,
            "paid_amount": null,
            "created_at": "2026-02-10 13:31:19",
            "updated_at": "2026-02-10 13:31:19",
            "pdf_url": null,
            "xml_url": null
        },
        {
            "contract_id": 189,
            "lot_id": "160",
            "payment_plan_id": "2",
            "installment_number": 11,
            "due_date": "2026-12-10",
            "amount": 1666.670000000000072759576141834259033203125,
            "capital": 1666.670000000000072759576141834259033203125,
            "interest": 0,
            "interest_accrued": null,
            "interest_accrued_date": null,
            "balance": 1666.670000000000072759576141834259033203125,
            "status": "pending",
            "paid_date": null,
            "paid_amount": null,
            "created_at": "2026-02-10 13:31:19",
            "updated_at": "2026-02-10 13:31:19",
            "pdf_url": null,
            "xml_url": null
        },
        {
            "contract_id": 189,
            "lot_id": "160",
            "payment_plan_id": "2",
            "installment_number": 12,
            "due_date": "2027-01-10",
            "amount": 1666.670000000000072759576141834259033203125,
            "capital": 1666.670000000000072759576141834259033203125,
            "interest": 0,
            "interest_accrued": null,
            "interest_accrued_date": null,
            "balance": 0,
            "status": "pending",
            "paid_date": null,
            "paid_amount": null,
            "created_at": "2026-02-10 13:31:19",
            "updated_at": "2026-02-10 13:31:19",
            "pdf_url": null,
            "xml_url": null
        }
    ]
}