{
    "datetime": "2026-01-08 16:04:59",
    "accion": "reservar",
    "contrato_data": {
        "lot_id": "176",
        "customer_id": "208",
        "total_amount": "7080.00",
        "reservation_amount": "1000",
        "reservation_date": "2026-01-08",
        "contract_date": "2026-01-08",
        "status": "reservado",
        "contract_file": null,
        "voucher_url": null,
        "contract_number": "GV-2026-188",
        "payment_plan_id": "2",
        "contract_type": "arras",
        "is_reserved": 1,
        "financing_months": "24",
        "sponsor_id": "28"
    },
    "contract_id": 188,
    "lote_antes": {
        "id": "176",
        "project_id": "51",
        "customer_id": null,
        "lot_number": "133",
        "cadastral_unit": "32424242",
        "registry_number": "3131REG",
        "block": "A",
        "area_sqm": "59.00",
        "base_price": "7080.00",
        "current_price": "7080.00",
        "status": "available",
        "reserved_until": null,
        "sale_date": null,
        "price_last_updated": "2025-12-04 12:30:15",
        "created_at": "2025-12-04 13:30:15",
        "updated_at": "2025-12-04 13:30:15"
    },
    "lote_despues": {
        "id": "176",
        "project_id": "51",
        "customer_id": "208",
        "lot_number": "133",
        "cadastral_unit": "32424242",
        "registry_number": "3131REG",
        "block": "A",
        "area_sqm": "59.00",
        "base_price": "7080.00",
        "current_price": "7080.00",
        "status": "reserved",
        "reserved_until": null,
        "sale_date": null,
        "price_last_updated": "2025-12-04 12:30:15",
        "created_at": "2025-12-04 13:30:15",
        "updated_at": "2026-01-08 16:04:59"
    },
    "update_result": true,
    "cliente_id": "208",
    "request_post": {
        "accion": "reservar",
        "lote": "133",
        "manzana": "A",
        "precio": "7080.00",
        "monto_reserva": "1000",
        "plan_cuotas": "24",
        "nombre": "LUIS GREET HUAMAN MADRID",
        "dni": "43879196",
        "email": "luis@gmail.com"
    },
    "comprobante_url": null,
    "cronograma": [
        {
            "contract_id": 188,
            "lot_id": "176",
            "payment_plan_id": "2",
            "installment_number": 1,
            "due_date": "2026-01-08",
            "amount": 295,
            "capital": 295,
            "interest": 0,
            "interest_accrued": null,
            "interest_accrued_date": null,
            "balance": 6785,
            "status": "pending",
            "paid_date": null,
            "paid_amount": null,
            "created_at": "2026-01-08 16:04:59",
            "updated_at": "2026-01-08 16:04:59",
            "pdf_url": null,
            "xml_url": null
        },
        {
            "contract_id": 188,
            "lot_id": "176",
            "payment_plan_id": "2",
            "installment_number": 2,
            "due_date": "2026-02-08",
            "amount": 295,
            "capital": 295,
            "interest": 0,
            "interest_accrued": null,
            "interest_accrued_date": null,
            "balance": 6490,
            "status": "pending",
            "paid_date": null,
            "paid_amount": null,
            "created_at": "2026-01-08 16:04:59",
            "updated_at": "2026-01-08 16:04:59",
            "pdf_url": null,
            "xml_url": null
        },
        {
            "contract_id": 188,
            "lot_id": "176",
            "payment_plan_id": "2",
            "installment_number": 3,
            "due_date": "2026-03-08",
            "amount": 295,
            "capital": 295,
            "interest": 0,
            "interest_accrued": null,
            "interest_accrued_date": null,
            "balance": 6195,
            "status": "pending",
            "paid_date": null,
            "paid_amount": null,
            "created_at": "2026-01-08 16:04:59",
            "updated_at": "2026-01-08 16:04:59",
            "pdf_url": null,
            "xml_url": null
        },
        {
            "contract_id": 188,
            "lot_id": "176",
            "payment_plan_id": "2",
            "installment_number": 4,
            "due_date": "2026-04-08",
            "amount": 295,
            "capital": 295,
            "interest": 0,
            "interest_accrued": null,
            "interest_accrued_date": null,
            "balance": 5900,
            "status": "pending",
            "paid_date": null,
            "paid_amount": null,
            "created_at": "2026-01-08 16:04:59",
            "updated_at": "2026-01-08 16:04:59",
            "pdf_url": null,
            "xml_url": null
        },
        {
            "contract_id": 188,
            "lot_id": "176",
            "payment_plan_id": "2",
            "installment_number": 5,
            "due_date": "2026-05-08",
            "amount": 295,
            "capital": 295,
            "interest": 0,
            "interest_accrued": null,
            "interest_accrued_date": null,
            "balance": 5605,
            "status": "pending",
            "paid_date": null,
            "paid_amount": null,
            "created_at": "2026-01-08 16:04:59",
            "updated_at": "2026-01-08 16:04:59",
            "pdf_url": null,
            "xml_url": null
        },
        {
            "contract_id": 188,
            "lot_id": "176",
            "payment_plan_id": "2",
            "installment_number": 6,
            "due_date": "2026-06-08",
            "amount": 295,
            "capital": 295,
            "interest": 0,
            "interest_accrued": null,
            "interest_accrued_date": null,
            "balance": 5310,
            "status": "pending",
            "paid_date": null,
            "paid_amount": null,
            "created_at": "2026-01-08 16:04:59",
            "updated_at": "2026-01-08 16:04:59",
            "pdf_url": null,
            "xml_url": null
        },
        {
            "contract_id": 188,
            "lot_id": "176",
            "payment_plan_id": "2",
            "installment_number": 7,
            "due_date": "2026-07-08",
            "amount": 295,
            "capital": 295,
            "interest": 0,
            "interest_accrued": null,
            "interest_accrued_date": null,
            "balance": 5015,
            "status": "pending",
            "paid_date": null,
            "paid_amount": null,
            "created_at": "2026-01-08 16:04:59",
            "updated_at": "2026-01-08 16:04:59",
            "pdf_url": null,
            "xml_url": null
        },
        {
            "contract_id": 188,
            "lot_id": "176",
            "payment_plan_id": "2",
            "installment_number": 8,
            "due_date": "2026-08-08",
            "amount": 295,
            "capital": 295,
            "interest": 0,
            "interest_accrued": null,
            "interest_accrued_date": null,
            "balance": 4720,
            "status": "pending",
            "paid_date": null,
            "paid_amount": null,
            "created_at": "2026-01-08 16:04:59",
            "updated_at": "2026-01-08 16:04:59",
            "pdf_url": null,
            "xml_url": null
        },
        {
            "contract_id": 188,
            "lot_id": "176",
            "payment_plan_id": "2",
            "installment_number": 9,
            "due_date": "2026-09-08",
            "amount": 295,
            "capital": 295,
            "interest": 0,
            "interest_accrued": null,
            "interest_accrued_date": null,
            "balance": 4425,
            "status": "pending",
            "paid_date": null,
            "paid_amount": null,
            "created_at": "2026-01-08 16:04:59",
            "updated_at": "2026-01-08 16:04:59",
            "pdf_url": null,
            "xml_url": null
        },
        {
            "contract_id": 188,
            "lot_id": "176",
            "payment_plan_id": "2",
            "installment_number": 10,
            "due_date": "2026-10-08",
            "amount": 295,
            "capital": 295,
            "interest": 0,
            "interest_accrued": null,
            "interest_accrued_date": null,
            "balance": 4130,
            "status": "pending",
            "paid_date": null,
            "paid_amount": null,
            "created_at": "2026-01-08 16:04:59",
            "updated_at": "2026-01-08 16:04:59",
            "pdf_url": null,
            "xml_url": null
        },
        {
            "contract_id": 188,
            "lot_id": "176",
            "payment_plan_id": "2",
            "installment_number": 11,
            "due_date": "2026-11-08",
            "amount": 295,
            "capital": 295,
            "interest": 0,
            "interest_accrued": null,
            "interest_accrued_date": null,
            "balance": 3835,
            "status": "pending",
            "paid_date": null,
            "paid_amount": null,
            "created_at": "2026-01-08 16:04:59",
            "updated_at": "2026-01-08 16:04:59",
            "pdf_url": null,
            "xml_url": null
        },
        {
            "contract_id": 188,
            "lot_id": "176",
            "payment_plan_id": "2",
            "installment_number": 12,
            "due_date": "2026-12-08",
            "amount": 295,
            "capital": 295,
            "interest": 0,
            "interest_accrued": null,
            "interest_accrued_date": null,
            "balance": 3540,
            "status": "pending",
            "paid_date": null,
            "paid_amount": null,
            "created_at": "2026-01-08 16:04:59",
            "updated_at": "2026-01-08 16:04:59",
            "pdf_url": null,
            "xml_url": null
        },
        {
            "contract_id": 188,
            "lot_id": "176",
            "payment_plan_id": "2",
            "installment_number": 13,
            "due_date": "2027-01-08",
            "amount": 295,
            "capital": 295,
            "interest": 0,
            "interest_accrued": null,
            "interest_accrued_date": null,
            "balance": 3245,
            "status": "pending",
            "paid_date": null,
            "paid_amount": null,
            "created_at": "2026-01-08 16:04:59",
            "updated_at": "2026-01-08 16:04:59",
            "pdf_url": null,
            "xml_url": null
        },
        {
            "contract_id": 188,
            "lot_id": "176",
            "payment_plan_id": "2",
            "installment_number": 14,
            "due_date": "2027-02-08",
            "amount": 295,
            "capital": 295,
            "interest": 0,
            "interest_accrued": null,
            "interest_accrued_date": null,
            "balance": 2950,
            "status": "pending",
            "paid_date": null,
            "paid_amount": null,
            "created_at": "2026-01-08 16:04:59",
            "updated_at": "2026-01-08 16:04:59",
            "pdf_url": null,
            "xml_url": null
        },
        {
            "contract_id": 188,
            "lot_id": "176",
            "payment_plan_id": "2",
            "installment_number": 15,
            "due_date": "2027-03-08",
            "amount": 295,
            "capital": 295,
            "interest": 0,
            "interest_accrued": null,
            "interest_accrued_date": null,
            "balance": 2655,
            "status": "pending",
            "paid_date": null,
            "paid_amount": null,
            "created_at": "2026-01-08 16:04:59",
            "updated_at": "2026-01-08 16:04:59",
            "pdf_url": null,
            "xml_url": null
        },
        {
            "contract_id": 188,
            "lot_id": "176",
            "payment_plan_id": "2",
            "installment_number": 16,
            "due_date": "2027-04-08",
            "amount": 295,
            "capital": 295,
            "interest": 0,
            "interest_accrued": null,
            "interest_accrued_date": null,
            "balance": 2360,
            "status": "pending",
            "paid_date": null,
            "paid_amount": null,
            "created_at": "2026-01-08 16:04:59",
            "updated_at": "2026-01-08 16:04:59",
            "pdf_url": null,
            "xml_url": null
        },
        {
            "contract_id": 188,
            "lot_id": "176",
            "payment_plan_id": "2",
            "installment_number": 17,
            "due_date": "2027-05-08",
            "amount": 295,
            "capital": 295,
            "interest": 0,
            "interest_accrued": null,
            "interest_accrued_date": null,
            "balance": 2065,
            "status": "pending",
            "paid_date": null,
            "paid_amount": null,
            "created_at": "2026-01-08 16:04:59",
            "updated_at": "2026-01-08 16:04:59",
            "pdf_url": null,
            "xml_url": null
        },
        {
            "contract_id": 188,
            "lot_id": "176",
            "payment_plan_id": "2",
            "installment_number": 18,
            "due_date": "2027-06-08",
            "amount": 295,
            "capital": 295,
            "interest": 0,
            "interest_accrued": null,
            "interest_accrued_date": null,
            "balance": 1770,
            "status": "pending",
            "paid_date": null,
            "paid_amount": null,
            "created_at": "2026-01-08 16:04:59",
            "updated_at": "2026-01-08 16:04:59",
            "pdf_url": null,
            "xml_url": null
        },
        {
            "contract_id": 188,
            "lot_id": "176",
            "payment_plan_id": "2",
            "installment_number": 19,
            "due_date": "2027-07-08",
            "amount": 295,
            "capital": 295,
            "interest": 0,
            "interest_accrued": null,
            "interest_accrued_date": null,
            "balance": 1475,
            "status": "pending",
            "paid_date": null,
            "paid_amount": null,
            "created_at": "2026-01-08 16:04:59",
            "updated_at": "2026-01-08 16:04:59",
            "pdf_url": null,
            "xml_url": null
        },
        {
            "contract_id": 188,
            "lot_id": "176",
            "payment_plan_id": "2",
            "installment_number": 20,
            "due_date": "2027-08-08",
            "amount": 295,
            "capital": 295,
            "interest": 0,
            "interest_accrued": null,
            "interest_accrued_date": null,
            "balance": 1180,
            "status": "pending",
            "paid_date": null,
            "paid_amount": null,
            "created_at": "2026-01-08 16:04:59",
            "updated_at": "2026-01-08 16:04:59",
            "pdf_url": null,
            "xml_url": null
        },
        {
            "contract_id": 188,
            "lot_id": "176",
            "payment_plan_id": "2",
            "installment_number": 21,
            "due_date": "2027-09-08",
            "amount": 295,
            "capital": 295,
            "interest": 0,
            "interest_accrued": null,
            "interest_accrued_date": null,
            "balance": 885,
            "status": "pending",
            "paid_date": null,
            "paid_amount": null,
            "created_at": "2026-01-08 16:04:59",
            "updated_at": "2026-01-08 16:04:59",
            "pdf_url": null,
            "xml_url": null
        },
        {
            "contract_id": 188,
            "lot_id": "176",
            "payment_plan_id": "2",
            "installment_number": 22,
            "due_date": "2027-10-08",
            "amount": 295,
            "capital": 295,
            "interest": 0,
            "interest_accrued": null,
            "interest_accrued_date": null,
            "balance": 590,
            "status": "pending",
            "paid_date": null,
            "paid_amount": null,
            "created_at": "2026-01-08 16:04:59",
            "updated_at": "2026-01-08 16:04:59",
            "pdf_url": null,
            "xml_url": null
        },
        {
            "contract_id": 188,
            "lot_id": "176",
            "payment_plan_id": "2",
            "installment_number": 23,
            "due_date": "2027-11-08",
            "amount": 295,
            "capital": 295,
            "interest": 0,
            "interest_accrued": null,
            "interest_accrued_date": null,
            "balance": 295,
            "status": "pending",
            "paid_date": null,
            "paid_amount": null,
            "created_at": "2026-01-08 16:04:59",
            "updated_at": "2026-01-08 16:04:59",
            "pdf_url": null,
            "xml_url": null
        },
        {
            "contract_id": 188,
            "lot_id": "176",
            "payment_plan_id": "2",
            "installment_number": 24,
            "due_date": "2027-12-08",
            "amount": 295,
            "capital": 295,
            "interest": 0,
            "interest_accrued": null,
            "interest_accrued_date": null,
            "balance": 0,
            "status": "pending",
            "paid_date": null,
            "paid_amount": null,
            "created_at": "2026-01-08 16:04:59",
            "updated_at": "2026-01-08 16:04:59",
            "pdf_url": null,
            "xml_url": null
        }
    ]
}