Array
(
    [contractId] => 187
    [contract] => Array
        (
            [id] => 187
            [lot_id] => 169
            [customer_id] => 203
            [sponsor_id] => 
            [payment_plan_id] => 2
            [contract_number] => GV-2026-187
            [total_amount] => 1000.00
            [down_payment] => 0.00
            [financed_amount] => 0.00
            [monthly_payment] => 83.33
            [interest_rate] => 0.00
            [contract_date] => 2026-01-03
            [start_date] => 0000-00-00
            [end_date] => 0000-00-00
            [status] => 
            [contract_file] => uploads/comprobantes/1767457004_2ca6f80c5469d9fbd93a.jpg
            [voucher_url] => uploads/comprobantes/1767457004_2ca6f80c5469d9fbd93a.jpg
            [is_approved] => 0
            [is_rejected] => 0
            [notes] => 
            [created_at] => 2026-01-03 11:16:44
            [updated_at] => 2026-01-03 11:17:20
            [financing_months] => 12
            [reservation_amount] => 
            [reservation_date] => 
            [is_reserved] => 0
            [contract_type] => arras
            [bonus_id] => 
        )

    [cronograma] => Array
        (
            [0] => Array
                (
                    [id] => 4716
                    [lot_id] => 169
                    [payment_plan_id] => 2
                    [installment_number] => 12
                    [due_date] => 2026-12-03
                    [amount] => 83.33
                    [capital] => 83.33
                    [interest] => 0.00
                    [interest_accrued] => 
                    [interest_accrued_date] => 
                    [balance] => 0.00
                    [status] => pending
                    [paid_date] => 
                    [paid_amount] => 
                    [created_at] => 2026-01-03 11:16:44
                    [updated_at] => 2026-01-03 11:16:44
                    [contract_id] => 187
                    [pdf_url] => 
                    [xml_url] => 
                    [comprobante_url] => 
                    [validado_notas] => 
                    [validated_at] => 
                )

            [1] => Array
                (
                    [id] => 4715
                    [lot_id] => 169
                    [payment_plan_id] => 2
                    [installment_number] => 11
                    [due_date] => 2026-11-03
                    [amount] => 83.33
                    [capital] => 83.33
                    [interest] => 0.00
                    [interest_accrued] => 
                    [interest_accrued_date] => 
                    [balance] => 83.33
                    [status] => pending
                    [paid_date] => 
                    [paid_amount] => 
                    [created_at] => 2026-01-03 11:16:44
                    [updated_at] => 2026-01-03 11:16:44
                    [contract_id] => 187
                    [pdf_url] => 
                    [xml_url] => 
                    [comprobante_url] => 
                    [validado_notas] => 
                    [validated_at] => 
                )

            [2] => Array
                (
                    [id] => 4714
                    [lot_id] => 169
                    [payment_plan_id] => 2
                    [installment_number] => 10
                    [due_date] => 2026-10-03
                    [amount] => 83.33
                    [capital] => 83.33
                    [interest] => 0.00
                    [interest_accrued] => 
                    [interest_accrued_date] => 
                    [balance] => 166.67
                    [status] => pending
                    [paid_date] => 
                    [paid_amount] => 
                    [created_at] => 2026-01-03 11:16:44
                    [updated_at] => 2026-01-03 11:16:44
                    [contract_id] => 187
                    [pdf_url] => 
                    [xml_url] => 
                    [comprobante_url] => 
                    [validado_notas] => 
                    [validated_at] => 
                )

            [3] => Array
                (
                    [id] => 4713
                    [lot_id] => 169
                    [payment_plan_id] => 2
                    [installment_number] => 9
                    [due_date] => 2026-09-03
                    [amount] => 83.33
                    [capital] => 83.33
                    [interest] => 0.00
                    [interest_accrued] => 
                    [interest_accrued_date] => 
                    [balance] => 250.00
                    [status] => pending
                    [paid_date] => 
                    [paid_amount] => 
                    [created_at] => 2026-01-03 11:16:44
                    [updated_at] => 2026-01-03 11:16:44
                    [contract_id] => 187
                    [pdf_url] => 
                    [xml_url] => 
                    [comprobante_url] => 
                    [validado_notas] => 
                    [validated_at] => 
                )

            [4] => Array
                (
                    [id] => 4712
                    [lot_id] => 169
                    [payment_plan_id] => 2
                    [installment_number] => 8
                    [due_date] => 2026-08-03
                    [amount] => 83.33
                    [capital] => 83.33
                    [interest] => 0.00
                    [interest_accrued] => 
                    [interest_accrued_date] => 
                    [balance] => 333.33
                    [status] => pending
                    [paid_date] => 
                    [paid_amount] => 
                    [created_at] => 2026-01-03 11:16:44
                    [updated_at] => 2026-01-03 11:16:44
                    [contract_id] => 187
                    [pdf_url] => 
                    [xml_url] => 
                    [comprobante_url] => 
                    [validado_notas] => 
                    [validated_at] => 
                )

            [5] => Array
                (
                    [id] => 4711
                    [lot_id] => 169
                    [payment_plan_id] => 2
                    [installment_number] => 7
                    [due_date] => 2026-07-03
                    [amount] => 83.33
                    [capital] => 83.33
                    [interest] => 0.00
                    [interest_accrued] => 
                    [interest_accrued_date] => 
                    [balance] => 416.67
                    [status] => pending
                    [paid_date] => 
                    [paid_amount] => 
                    [created_at] => 2026-01-03 11:16:44
                    [updated_at] => 2026-01-03 11:16:44
                    [contract_id] => 187
                    [pdf_url] => 
                    [xml_url] => 
                    [comprobante_url] => 
                    [validado_notas] => 
                    [validated_at] => 
                )

            [6] => Array
                (
                    [id] => 4710
                    [lot_id] => 169
                    [payment_plan_id] => 2
                    [installment_number] => 6
                    [due_date] => 2026-06-03
                    [amount] => 83.33
                    [capital] => 83.33
                    [interest] => 0.00
                    [interest_accrued] => 
                    [interest_accrued_date] => 
                    [balance] => 500.00
                    [status] => pending
                    [paid_date] => 
                    [paid_amount] => 
                    [created_at] => 2026-01-03 11:16:44
                    [updated_at] => 2026-01-03 11:16:44
                    [contract_id] => 187
                    [pdf_url] => 
                    [xml_url] => 
                    [comprobante_url] => 
                    [validado_notas] => 
                    [validated_at] => 
                )

            [7] => Array
                (
                    [id] => 4709
                    [lot_id] => 169
                    [payment_plan_id] => 2
                    [installment_number] => 5
                    [due_date] => 2026-05-03
                    [amount] => 83.33
                    [capital] => 83.33
                    [interest] => 0.00
                    [interest_accrued] => 
                    [interest_accrued_date] => 
                    [balance] => 583.33
                    [status] => pending
                    [paid_date] => 
                    [paid_amount] => 
                    [created_at] => 2026-01-03 11:16:44
                    [updated_at] => 2026-01-03 11:16:44
                    [contract_id] => 187
                    [pdf_url] => 
                    [xml_url] => 
                    [comprobante_url] => 
                    [validado_notas] => 
                    [validated_at] => 
                )

            [8] => Array
                (
                    [id] => 4708
                    [lot_id] => 169
                    [payment_plan_id] => 2
                    [installment_number] => 4
                    [due_date] => 2026-04-03
                    [amount] => 83.33
                    [capital] => 83.33
                    [interest] => 0.00
                    [interest_accrued] => 
                    [interest_accrued_date] => 
                    [balance] => 666.67
                    [status] => pending
                    [paid_date] => 
                    [paid_amount] => 
                    [created_at] => 2026-01-03 11:16:44
                    [updated_at] => 2026-01-03 11:16:44
                    [contract_id] => 187
                    [pdf_url] => 
                    [xml_url] => 
                    [comprobante_url] => 
                    [validado_notas] => 
                    [validated_at] => 
                )

            [9] => Array
                (
                    [id] => 4707
                    [lot_id] => 169
                    [payment_plan_id] => 2
                    [installment_number] => 3
                    [due_date] => 2026-03-03
                    [amount] => 83.33
                    [capital] => 83.33
                    [interest] => 0.00
                    [interest_accrued] => 
                    [interest_accrued_date] => 
                    [balance] => 750.00
                    [status] => pending
                    [paid_date] => 
                    [paid_amount] => 
                    [created_at] => 2026-01-03 11:16:44
                    [updated_at] => 2026-01-03 11:16:44
                    [contract_id] => 187
                    [pdf_url] => 
                    [xml_url] => 
                    [comprobante_url] => 
                    [validado_notas] => 
                    [validated_at] => 
                )

            [10] => Array
                (
                    [id] => 4706
                    [lot_id] => 169
                    [payment_plan_id] => 2
                    [installment_number] => 2
                    [due_date] => 2026-02-03
                    [amount] => 83.33
                    [capital] => 83.33
                    [interest] => 0.00
                    [interest_accrued] => 
                    [interest_accrued_date] => 
                    [balance] => 833.33
                    [status] => pending
                    [paid_date] => 
                    [paid_amount] => 
                    [created_at] => 2026-01-03 11:16:44
                    [updated_at] => 2026-01-03 11:16:44
                    [contract_id] => 187
                    [pdf_url] => 
                    [xml_url] => 
                    [comprobante_url] => 
                    [validado_notas] => 
                    [validated_at] => 
                )

            [11] => Array
                (
                    [id] => 4705
                    [lot_id] => 169
                    [payment_plan_id] => 2
                    [installment_number] => 1
                    [due_date] => 2026-01-03
                    [amount] => 83.33
                    [capital] => 83.33
                    [interest] => 0.00
                    [interest_accrued] => 
                    [interest_accrued_date] => 
                    [balance] => 916.67
                    [status] => pending
                    [paid_date] => 
                    [paid_amount] => 
                    [created_at] => 2026-01-03 11:16:44
                    [updated_at] => 2026-01-03 11:16:44
                    [contract_id] => 187
                    [pdf_url] => 
                    [xml_url] => 
                    [comprobante_url] => 
                    [validado_notas] => 
                    [validated_at] => 
                )

        )

    [pagos_realizados] => 0
    [pagos_pendientes] => 12
    [monto_realizado] => 0
    [monto_pendiente] => 999.96
    [total_pagos] => 12
    [timestamp] => 2026-01-03 11:18:18
)
