Array
(
    [contractId] => 186
    [contract] => Array
        (
            [id] => 186
            [lot_id] => 163
            [customer_id] => 203
            [sponsor_id] => 
            [payment_plan_id] => 2
            [contract_number] => GV-2026-001
            [total_amount] => 1000.00
            [down_payment] => 0.00
            [financed_amount] => 0.00
            [monthly_payment] => 27.78
            [interest_rate] => 0.00
            [contract_date] => 2026-01-03
            [start_date] => 0000-00-00
            [end_date] => 0000-00-00
            [status] => rejected
            [contract_file] => 
            [voucher_url] => 
            [is_approved] => 0
            [is_rejected] => 0
            [notes] => 
            [created_at] => 2026-01-03 11:14:48
            [updated_at] => 2026-01-03 11:15:17
            [financing_months] => 36
            [reservation_amount] => 
            [reservation_date] => 
            [is_reserved] => 0
            [contract_type] => arras
            [bonus_id] => 
        )

    [cronograma] => Array
        (
            [0] => Array
                (
                    [id] => 4704
                    [lot_id] => 163
                    [payment_plan_id] => 2
                    [installment_number] => 36
                    [due_date] => 2028-12-03
                    [amount] => 27.78
                    [capital] => 27.78
                    [interest] => 0.00
                    [interest_accrued] => 
                    [interest_accrued_date] => 
                    [balance] => 0.00
                    [status] => pending
                    [paid_date] => 
                    [paid_amount] => 
                    [created_at] => 2026-01-03 11:14:48
                    [updated_at] => 2026-01-03 11:14:48
                    [contract_id] => 186
                    [pdf_url] => 
                    [xml_url] => 
                    [comprobante_url] => 
                    [validado_notas] => 
                    [validated_at] => 
                )

            [1] => Array
                (
                    [id] => 4703
                    [lot_id] => 163
                    [payment_plan_id] => 2
                    [installment_number] => 35
                    [due_date] => 2028-11-03
                    [amount] => 27.78
                    [capital] => 27.78
                    [interest] => 0.00
                    [interest_accrued] => 
                    [interest_accrued_date] => 
                    [balance] => 27.78
                    [status] => pending
                    [paid_date] => 
                    [paid_amount] => 
                    [created_at] => 2026-01-03 11:14:48
                    [updated_at] => 2026-01-03 11:14:48
                    [contract_id] => 186
                    [pdf_url] => 
                    [xml_url] => 
                    [comprobante_url] => 
                    [validado_notas] => 
                    [validated_at] => 
                )

            [2] => Array
                (
                    [id] => 4702
                    [lot_id] => 163
                    [payment_plan_id] => 2
                    [installment_number] => 34
                    [due_date] => 2028-10-03
                    [amount] => 27.78
                    [capital] => 27.78
                    [interest] => 0.00
                    [interest_accrued] => 
                    [interest_accrued_date] => 
                    [balance] => 55.56
                    [status] => pending
                    [paid_date] => 
                    [paid_amount] => 
                    [created_at] => 2026-01-03 11:14:48
                    [updated_at] => 2026-01-03 11:14:48
                    [contract_id] => 186
                    [pdf_url] => 
                    [xml_url] => 
                    [comprobante_url] => 
                    [validado_notas] => 
                    [validated_at] => 
                )

            [3] => Array
                (
                    [id] => 4701
                    [lot_id] => 163
                    [payment_plan_id] => 2
                    [installment_number] => 33
                    [due_date] => 2028-09-03
                    [amount] => 27.78
                    [capital] => 27.78
                    [interest] => 0.00
                    [interest_accrued] => 
                    [interest_accrued_date] => 
                    [balance] => 83.33
                    [status] => pending
                    [paid_date] => 
                    [paid_amount] => 
                    [created_at] => 2026-01-03 11:14:48
                    [updated_at] => 2026-01-03 11:14:48
                    [contract_id] => 186
                    [pdf_url] => 
                    [xml_url] => 
                    [comprobante_url] => 
                    [validado_notas] => 
                    [validated_at] => 
                )

            [4] => Array
                (
                    [id] => 4700
                    [lot_id] => 163
                    [payment_plan_id] => 2
                    [installment_number] => 32
                    [due_date] => 2028-08-03
                    [amount] => 27.78
                    [capital] => 27.78
                    [interest] => 0.00
                    [interest_accrued] => 
                    [interest_accrued_date] => 
                    [balance] => 111.11
                    [status] => pending
                    [paid_date] => 
                    [paid_amount] => 
                    [created_at] => 2026-01-03 11:14:48
                    [updated_at] => 2026-01-03 11:14:48
                    [contract_id] => 186
                    [pdf_url] => 
                    [xml_url] => 
                    [comprobante_url] => 
                    [validado_notas] => 
                    [validated_at] => 
                )

            [5] => Array
                (
                    [id] => 4699
                    [lot_id] => 163
                    [payment_plan_id] => 2
                    [installment_number] => 31
                    [due_date] => 2028-07-03
                    [amount] => 27.78
                    [capital] => 27.78
                    [interest] => 0.00
                    [interest_accrued] => 
                    [interest_accrued_date] => 
                    [balance] => 138.89
                    [status] => pending
                    [paid_date] => 
                    [paid_amount] => 
                    [created_at] => 2026-01-03 11:14:48
                    [updated_at] => 2026-01-03 11:14:48
                    [contract_id] => 186
                    [pdf_url] => 
                    [xml_url] => 
                    [comprobante_url] => 
                    [validado_notas] => 
                    [validated_at] => 
                )

            [6] => Array
                (
                    [id] => 4698
                    [lot_id] => 163
                    [payment_plan_id] => 2
                    [installment_number] => 30
                    [due_date] => 2028-06-03
                    [amount] => 27.78
                    [capital] => 27.78
                    [interest] => 0.00
                    [interest_accrued] => 
                    [interest_accrued_date] => 
                    [balance] => 166.67
                    [status] => pending
                    [paid_date] => 
                    [paid_amount] => 
                    [created_at] => 2026-01-03 11:14:48
                    [updated_at] => 2026-01-03 11:14:48
                    [contract_id] => 186
                    [pdf_url] => 
                    [xml_url] => 
                    [comprobante_url] => 
                    [validado_notas] => 
                    [validated_at] => 
                )

            [7] => Array
                (
                    [id] => 4697
                    [lot_id] => 163
                    [payment_plan_id] => 2
                    [installment_number] => 29
                    [due_date] => 2028-05-03
                    [amount] => 27.78
                    [capital] => 27.78
                    [interest] => 0.00
                    [interest_accrued] => 
                    [interest_accrued_date] => 
                    [balance] => 194.44
                    [status] => pending
                    [paid_date] => 
                    [paid_amount] => 
                    [created_at] => 2026-01-03 11:14:48
                    [updated_at] => 2026-01-03 11:14:48
                    [contract_id] => 186
                    [pdf_url] => 
                    [xml_url] => 
                    [comprobante_url] => 
                    [validado_notas] => 
                    [validated_at] => 
                )

            [8] => Array
                (
                    [id] => 4696
                    [lot_id] => 163
                    [payment_plan_id] => 2
                    [installment_number] => 28
                    [due_date] => 2028-04-03
                    [amount] => 27.78
                    [capital] => 27.78
                    [interest] => 0.00
                    [interest_accrued] => 
                    [interest_accrued_date] => 
                    [balance] => 222.22
                    [status] => pending
                    [paid_date] => 
                    [paid_amount] => 
                    [created_at] => 2026-01-03 11:14:48
                    [updated_at] => 2026-01-03 11:14:48
                    [contract_id] => 186
                    [pdf_url] => 
                    [xml_url] => 
                    [comprobante_url] => 
                    [validado_notas] => 
                    [validated_at] => 
                )

            [9] => Array
                (
                    [id] => 4695
                    [lot_id] => 163
                    [payment_plan_id] => 2
                    [installment_number] => 27
                    [due_date] => 2028-03-03
                    [amount] => 27.78
                    [capital] => 27.78
                    [interest] => 0.00
                    [interest_accrued] => 
                    [interest_accrued_date] => 
                    [balance] => 250.00
                    [status] => pending
                    [paid_date] => 
                    [paid_amount] => 
                    [created_at] => 2026-01-03 11:14:48
                    [updated_at] => 2026-01-03 11:14:48
                    [contract_id] => 186
                    [pdf_url] => 
                    [xml_url] => 
                    [comprobante_url] => 
                    [validado_notas] => 
                    [validated_at] => 
                )

            [10] => Array
                (
                    [id] => 4694
                    [lot_id] => 163
                    [payment_plan_id] => 2
                    [installment_number] => 26
                    [due_date] => 2028-02-03
                    [amount] => 27.78
                    [capital] => 27.78
                    [interest] => 0.00
                    [interest_accrued] => 
                    [interest_accrued_date] => 
                    [balance] => 277.78
                    [status] => pending
                    [paid_date] => 
                    [paid_amount] => 
                    [created_at] => 2026-01-03 11:14:48
                    [updated_at] => 2026-01-03 11:14:48
                    [contract_id] => 186
                    [pdf_url] => 
                    [xml_url] => 
                    [comprobante_url] => 
                    [validado_notas] => 
                    [validated_at] => 
                )

            [11] => Array
                (
                    [id] => 4693
                    [lot_id] => 163
                    [payment_plan_id] => 2
                    [installment_number] => 25
                    [due_date] => 2028-01-03
                    [amount] => 27.78
                    [capital] => 27.78
                    [interest] => 0.00
                    [interest_accrued] => 
                    [interest_accrued_date] => 
                    [balance] => 305.56
                    [status] => pending
                    [paid_date] => 
                    [paid_amount] => 
                    [created_at] => 2026-01-03 11:14:48
                    [updated_at] => 2026-01-03 11:14:48
                    [contract_id] => 186
                    [pdf_url] => 
                    [xml_url] => 
                    [comprobante_url] => 
                    [validado_notas] => 
                    [validated_at] => 
                )

            [12] => Array
                (
                    [id] => 4692
                    [lot_id] => 163
                    [payment_plan_id] => 2
                    [installment_number] => 24
                    [due_date] => 2027-12-03
                    [amount] => 27.78
                    [capital] => 27.78
                    [interest] => 0.00
                    [interest_accrued] => 
                    [interest_accrued_date] => 
                    [balance] => 333.33
                    [status] => pending
                    [paid_date] => 
                    [paid_amount] => 
                    [created_at] => 2026-01-03 11:14:48
                    [updated_at] => 2026-01-03 11:14:48
                    [contract_id] => 186
                    [pdf_url] => 
                    [xml_url] => 
                    [comprobante_url] => 
                    [validado_notas] => 
                    [validated_at] => 
                )

            [13] => Array
                (
                    [id] => 4691
                    [lot_id] => 163
                    [payment_plan_id] => 2
                    [installment_number] => 23
                    [due_date] => 2027-11-03
                    [amount] => 27.78
                    [capital] => 27.78
                    [interest] => 0.00
                    [interest_accrued] => 
                    [interest_accrued_date] => 
                    [balance] => 361.11
                    [status] => pending
                    [paid_date] => 
                    [paid_amount] => 
                    [created_at] => 2026-01-03 11:14:48
                    [updated_at] => 2026-01-03 11:14:48
                    [contract_id] => 186
                    [pdf_url] => 
                    [xml_url] => 
                    [comprobante_url] => 
                    [validado_notas] => 
                    [validated_at] => 
                )

            [14] => Array
                (
                    [id] => 4690
                    [lot_id] => 163
                    [payment_plan_id] => 2
                    [installment_number] => 22
                    [due_date] => 2027-10-03
                    [amount] => 27.78
                    [capital] => 27.78
                    [interest] => 0.00
                    [interest_accrued] => 
                    [interest_accrued_date] => 
                    [balance] => 388.89
                    [status] => pending
                    [paid_date] => 
                    [paid_amount] => 
                    [created_at] => 2026-01-03 11:14:48
                    [updated_at] => 2026-01-03 11:14:48
                    [contract_id] => 186
                    [pdf_url] => 
                    [xml_url] => 
                    [comprobante_url] => 
                    [validado_notas] => 
                    [validated_at] => 
                )

            [15] => Array
                (
                    [id] => 4689
                    [lot_id] => 163
                    [payment_plan_id] => 2
                    [installment_number] => 21
                    [due_date] => 2027-09-03
                    [amount] => 27.78
                    [capital] => 27.78
                    [interest] => 0.00
                    [interest_accrued] => 
                    [interest_accrued_date] => 
                    [balance] => 416.67
                    [status] => pending
                    [paid_date] => 
                    [paid_amount] => 
                    [created_at] => 2026-01-03 11:14:48
                    [updated_at] => 2026-01-03 11:14:48
                    [contract_id] => 186
                    [pdf_url] => 
                    [xml_url] => 
                    [comprobante_url] => 
                    [validado_notas] => 
                    [validated_at] => 
                )

            [16] => Array
                (
                    [id] => 4688
                    [lot_id] => 163
                    [payment_plan_id] => 2
                    [installment_number] => 20
                    [due_date] => 2027-08-03
                    [amount] => 27.78
                    [capital] => 27.78
                    [interest] => 0.00
                    [interest_accrued] => 
                    [interest_accrued_date] => 
                    [balance] => 444.44
                    [status] => pending
                    [paid_date] => 
                    [paid_amount] => 
                    [created_at] => 2026-01-03 11:14:48
                    [updated_at] => 2026-01-03 11:14:48
                    [contract_id] => 186
                    [pdf_url] => 
                    [xml_url] => 
                    [comprobante_url] => 
                    [validado_notas] => 
                    [validated_at] => 
                )

            [17] => Array
                (
                    [id] => 4687
                    [lot_id] => 163
                    [payment_plan_id] => 2
                    [installment_number] => 19
                    [due_date] => 2027-07-03
                    [amount] => 27.78
                    [capital] => 27.78
                    [interest] => 0.00
                    [interest_accrued] => 
                    [interest_accrued_date] => 
                    [balance] => 472.22
                    [status] => pending
                    [paid_date] => 
                    [paid_amount] => 
                    [created_at] => 2026-01-03 11:14:48
                    [updated_at] => 2026-01-03 11:14:48
                    [contract_id] => 186
                    [pdf_url] => 
                    [xml_url] => 
                    [comprobante_url] => 
                    [validado_notas] => 
                    [validated_at] => 
                )

            [18] => Array
                (
                    [id] => 4686
                    [lot_id] => 163
                    [payment_plan_id] => 2
                    [installment_number] => 18
                    [due_date] => 2027-06-03
                    [amount] => 27.78
                    [capital] => 27.78
                    [interest] => 0.00
                    [interest_accrued] => 
                    [interest_accrued_date] => 
                    [balance] => 500.00
                    [status] => pending
                    [paid_date] => 
                    [paid_amount] => 
                    [created_at] => 2026-01-03 11:14:48
                    [updated_at] => 2026-01-03 11:14:48
                    [contract_id] => 186
                    [pdf_url] => 
                    [xml_url] => 
                    [comprobante_url] => 
                    [validado_notas] => 
                    [validated_at] => 
                )

            [19] => Array
                (
                    [id] => 4685
                    [lot_id] => 163
                    [payment_plan_id] => 2
                    [installment_number] => 17
                    [due_date] => 2027-05-03
                    [amount] => 27.78
                    [capital] => 27.78
                    [interest] => 0.00
                    [interest_accrued] => 
                    [interest_accrued_date] => 
                    [balance] => 527.78
                    [status] => pending
                    [paid_date] => 
                    [paid_amount] => 
                    [created_at] => 2026-01-03 11:14:48
                    [updated_at] => 2026-01-03 11:14:48
                    [contract_id] => 186
                    [pdf_url] => 
                    [xml_url] => 
                    [comprobante_url] => 
                    [validado_notas] => 
                    [validated_at] => 
                )

            [20] => Array
                (
                    [id] => 4684
                    [lot_id] => 163
                    [payment_plan_id] => 2
                    [installment_number] => 16
                    [due_date] => 2027-04-03
                    [amount] => 27.78
                    [capital] => 27.78
                    [interest] => 0.00
                    [interest_accrued] => 
                    [interest_accrued_date] => 
                    [balance] => 555.56
                    [status] => pending
                    [paid_date] => 
                    [paid_amount] => 
                    [created_at] => 2026-01-03 11:14:48
                    [updated_at] => 2026-01-03 11:14:48
                    [contract_id] => 186
                    [pdf_url] => 
                    [xml_url] => 
                    [comprobante_url] => 
                    [validado_notas] => 
                    [validated_at] => 
                )

            [21] => Array
                (
                    [id] => 4683
                    [lot_id] => 163
                    [payment_plan_id] => 2
                    [installment_number] => 15
                    [due_date] => 2027-03-03
                    [amount] => 27.78
                    [capital] => 27.78
                    [interest] => 0.00
                    [interest_accrued] => 
                    [interest_accrued_date] => 
                    [balance] => 583.33
                    [status] => pending
                    [paid_date] => 
                    [paid_amount] => 
                    [created_at] => 2026-01-03 11:14:48
                    [updated_at] => 2026-01-03 11:14:48
                    [contract_id] => 186
                    [pdf_url] => 
                    [xml_url] => 
                    [comprobante_url] => 
                    [validado_notas] => 
                    [validated_at] => 
                )

            [22] => Array
                (
                    [id] => 4682
                    [lot_id] => 163
                    [payment_plan_id] => 2
                    [installment_number] => 14
                    [due_date] => 2027-02-03
                    [amount] => 27.78
                    [capital] => 27.78
                    [interest] => 0.00
                    [interest_accrued] => 
                    [interest_accrued_date] => 
                    [balance] => 611.11
                    [status] => pending
                    [paid_date] => 
                    [paid_amount] => 
                    [created_at] => 2026-01-03 11:14:48
                    [updated_at] => 2026-01-03 11:14:48
                    [contract_id] => 186
                    [pdf_url] => 
                    [xml_url] => 
                    [comprobante_url] => 
                    [validado_notas] => 
                    [validated_at] => 
                )

            [23] => Array
                (
                    [id] => 4681
                    [lot_id] => 163
                    [payment_plan_id] => 2
                    [installment_number] => 13
                    [due_date] => 2027-01-03
                    [amount] => 27.78
                    [capital] => 27.78
                    [interest] => 0.00
                    [interest_accrued] => 
                    [interest_accrued_date] => 
                    [balance] => 638.89
                    [status] => pending
                    [paid_date] => 
                    [paid_amount] => 
                    [created_at] => 2026-01-03 11:14:48
                    [updated_at] => 2026-01-03 11:14:48
                    [contract_id] => 186
                    [pdf_url] => 
                    [xml_url] => 
                    [comprobante_url] => 
                    [validado_notas] => 
                    [validated_at] => 
                )

            [24] => Array
                (
                    [id] => 4680
                    [lot_id] => 163
                    [payment_plan_id] => 2
                    [installment_number] => 12
                    [due_date] => 2026-12-03
                    [amount] => 27.78
                    [capital] => 27.78
                    [interest] => 0.00
                    [interest_accrued] => 
                    [interest_accrued_date] => 
                    [balance] => 666.67
                    [status] => pending
                    [paid_date] => 
                    [paid_amount] => 
                    [created_at] => 2026-01-03 11:14:48
                    [updated_at] => 2026-01-03 11:14:48
                    [contract_id] => 186
                    [pdf_url] => 
                    [xml_url] => 
                    [comprobante_url] => 
                    [validado_notas] => 
                    [validated_at] => 
                )

            [25] => Array
                (
                    [id] => 4679
                    [lot_id] => 163
                    [payment_plan_id] => 2
                    [installment_number] => 11
                    [due_date] => 2026-11-03
                    [amount] => 27.78
                    [capital] => 27.78
                    [interest] => 0.00
                    [interest_accrued] => 
                    [interest_accrued_date] => 
                    [balance] => 694.44
                    [status] => pending
                    [paid_date] => 
                    [paid_amount] => 
                    [created_at] => 2026-01-03 11:14:48
                    [updated_at] => 2026-01-03 11:14:48
                    [contract_id] => 186
                    [pdf_url] => 
                    [xml_url] => 
                    [comprobante_url] => 
                    [validado_notas] => 
                    [validated_at] => 
                )

            [26] => Array
                (
                    [id] => 4678
                    [lot_id] => 163
                    [payment_plan_id] => 2
                    [installment_number] => 10
                    [due_date] => 2026-10-03
                    [amount] => 27.78
                    [capital] => 27.78
                    [interest] => 0.00
                    [interest_accrued] => 
                    [interest_accrued_date] => 
                    [balance] => 722.22
                    [status] => pending
                    [paid_date] => 
                    [paid_amount] => 
                    [created_at] => 2026-01-03 11:14:48
                    [updated_at] => 2026-01-03 11:14:48
                    [contract_id] => 186
                    [pdf_url] => 
                    [xml_url] => 
                    [comprobante_url] => 
                    [validado_notas] => 
                    [validated_at] => 
                )

            [27] => Array
                (
                    [id] => 4677
                    [lot_id] => 163
                    [payment_plan_id] => 2
                    [installment_number] => 9
                    [due_date] => 2026-09-03
                    [amount] => 27.78
                    [capital] => 27.78
                    [interest] => 0.00
                    [interest_accrued] => 
                    [interest_accrued_date] => 
                    [balance] => 750.00
                    [status] => pending
                    [paid_date] => 
                    [paid_amount] => 
                    [created_at] => 2026-01-03 11:14:48
                    [updated_at] => 2026-01-03 11:14:48
                    [contract_id] => 186
                    [pdf_url] => 
                    [xml_url] => 
                    [comprobante_url] => 
                    [validado_notas] => 
                    [validated_at] => 
                )

            [28] => Array
                (
                    [id] => 4676
                    [lot_id] => 163
                    [payment_plan_id] => 2
                    [installment_number] => 8
                    [due_date] => 2026-08-03
                    [amount] => 27.78
                    [capital] => 27.78
                    [interest] => 0.00
                    [interest_accrued] => 
                    [interest_accrued_date] => 
                    [balance] => 777.78
                    [status] => pending
                    [paid_date] => 
                    [paid_amount] => 
                    [created_at] => 2026-01-03 11:14:48
                    [updated_at] => 2026-01-03 11:14:48
                    [contract_id] => 186
                    [pdf_url] => 
                    [xml_url] => 
                    [comprobante_url] => 
                    [validado_notas] => 
                    [validated_at] => 
                )

            [29] => Array
                (
                    [id] => 4675
                    [lot_id] => 163
                    [payment_plan_id] => 2
                    [installment_number] => 7
                    [due_date] => 2026-07-03
                    [amount] => 27.78
                    [capital] => 27.78
                    [interest] => 0.00
                    [interest_accrued] => 
                    [interest_accrued_date] => 
                    [balance] => 805.56
                    [status] => pending
                    [paid_date] => 
                    [paid_amount] => 
                    [created_at] => 2026-01-03 11:14:48
                    [updated_at] => 2026-01-03 11:14:48
                    [contract_id] => 186
                    [pdf_url] => 
                    [xml_url] => 
                    [comprobante_url] => 
                    [validado_notas] => 
                    [validated_at] => 
                )

            [30] => Array
                (
                    [id] => 4674
                    [lot_id] => 163
                    [payment_plan_id] => 2
                    [installment_number] => 6
                    [due_date] => 2026-06-03
                    [amount] => 27.78
                    [capital] => 27.78
                    [interest] => 0.00
                    [interest_accrued] => 
                    [interest_accrued_date] => 
                    [balance] => 833.33
                    [status] => pending
                    [paid_date] => 
                    [paid_amount] => 
                    [created_at] => 2026-01-03 11:14:48
                    [updated_at] => 2026-01-03 11:14:48
                    [contract_id] => 186
                    [pdf_url] => 
                    [xml_url] => 
                    [comprobante_url] => 
                    [validado_notas] => 
                    [validated_at] => 
                )

            [31] => Array
                (
                    [id] => 4673
                    [lot_id] => 163
                    [payment_plan_id] => 2
                    [installment_number] => 5
                    [due_date] => 2026-05-03
                    [amount] => 27.78
                    [capital] => 27.78
                    [interest] => 0.00
                    [interest_accrued] => 
                    [interest_accrued_date] => 
                    [balance] => 861.11
                    [status] => pending
                    [paid_date] => 
                    [paid_amount] => 
                    [created_at] => 2026-01-03 11:14:48
                    [updated_at] => 2026-01-03 11:14:48
                    [contract_id] => 186
                    [pdf_url] => 
                    [xml_url] => 
                    [comprobante_url] => 
                    [validado_notas] => 
                    [validated_at] => 
                )

            [32] => Array
                (
                    [id] => 4672
                    [lot_id] => 163
                    [payment_plan_id] => 2
                    [installment_number] => 4
                    [due_date] => 2026-04-03
                    [amount] => 27.78
                    [capital] => 27.78
                    [interest] => 0.00
                    [interest_accrued] => 
                    [interest_accrued_date] => 
                    [balance] => 888.89
                    [status] => pending
                    [paid_date] => 
                    [paid_amount] => 
                    [created_at] => 2026-01-03 11:14:48
                    [updated_at] => 2026-01-03 11:14:48
                    [contract_id] => 186
                    [pdf_url] => 
                    [xml_url] => 
                    [comprobante_url] => 
                    [validado_notas] => 
                    [validated_at] => 
                )

            [33] => Array
                (
                    [id] => 4671
                    [lot_id] => 163
                    [payment_plan_id] => 2
                    [installment_number] => 3
                    [due_date] => 2026-03-03
                    [amount] => 27.78
                    [capital] => 27.78
                    [interest] => 0.00
                    [interest_accrued] => 
                    [interest_accrued_date] => 
                    [balance] => 916.67
                    [status] => pending
                    [paid_date] => 
                    [paid_amount] => 
                    [created_at] => 2026-01-03 11:14:48
                    [updated_at] => 2026-01-03 11:14:48
                    [contract_id] => 186
                    [pdf_url] => 
                    [xml_url] => 
                    [comprobante_url] => 
                    [validado_notas] => 
                    [validated_at] => 
                )

            [34] => Array
                (
                    [id] => 4670
                    [lot_id] => 163
                    [payment_plan_id] => 2
                    [installment_number] => 2
                    [due_date] => 2026-02-03
                    [amount] => 27.78
                    [capital] => 27.78
                    [interest] => 0.00
                    [interest_accrued] => 
                    [interest_accrued_date] => 
                    [balance] => 944.44
                    [status] => pending
                    [paid_date] => 
                    [paid_amount] => 
                    [created_at] => 2026-01-03 11:14:48
                    [updated_at] => 2026-01-03 11:14:48
                    [contract_id] => 186
                    [pdf_url] => 
                    [xml_url] => 
                    [comprobante_url] => 
                    [validado_notas] => 
                    [validated_at] => 
                )

            [35] => Array
                (
                    [id] => 4669
                    [lot_id] => 163
                    [payment_plan_id] => 2
                    [installment_number] => 1
                    [due_date] => 2026-01-03
                    [amount] => 27.78
                    [capital] => 27.78
                    [interest] => 0.00
                    [interest_accrued] => 
                    [interest_accrued_date] => 
                    [balance] => 972.22
                    [status] => pending
                    [paid_date] => 
                    [paid_amount] => 
                    [created_at] => 2026-01-03 11:14:48
                    [updated_at] => 2026-01-03 11:14:48
                    [contract_id] => 186
                    [pdf_url] => 
                    [xml_url] => 
                    [comprobante_url] => 
                    [validado_notas] => 
                    [validated_at] => 
                )

        )

    [pagos_realizados] => 0
    [pagos_pendientes] => 36
    [monto_realizado] => 0
    [monto_pendiente] => 1000.08
    [total_pagos] => 36
    [timestamp] => 2026-01-04 16:13:16
)
