{
    "datetime": "2026-01-03 11:16:44",
    "contrato_data": {
        "lot_id": "169",
        "customer_id": "203",
        "total_amount": "1000",
        "financing_months": "12",
        "monthly_payment": 83.3299999999999982946974341757595539093017578125,
        "contract_date": "2026-01-03",
        "status": "active",
        "contract_file": "uploads\/comprobantes\/1767457004_2ca6f80c5469d9fbd93a.jpg",
        "voucher_url": "uploads\/comprobantes\/1767457004_2ca6f80c5469d9fbd93a.jpg",
        "contract_number": "GV-2026-187",
        "payment_plan_id": "2",
        "contract_type": "arras",
        "sponsor_id": "28"
    },
    "cronograma": [
        {
            "contract_id": 187,
            "lot_id": "169",
            "payment_plan_id": "2",
            "installment_number": 1,
            "due_date": "2026-01-03",
            "amount": 83.3299999999999982946974341757595539093017578125,
            "capital": 83.3299999999999982946974341757595539093017578125,
            "interest": 0,
            "interest_accrued": null,
            "interest_accrued_date": null,
            "balance": 916.6699999999999590727384202182292938232421875,
            "status": "pending",
            "paid_date": null,
            "paid_amount": null,
            "created_at": "2026-01-03 11:16:44",
            "updated_at": "2026-01-03 11:16:44",
            "pdf_url": null,
            "xml_url": null
        },
        {
            "contract_id": 187,
            "lot_id": "169",
            "payment_plan_id": "2",
            "installment_number": 2,
            "due_date": "2026-02-03",
            "amount": 83.3299999999999982946974341757595539093017578125,
            "capital": 83.3299999999999982946974341757595539093017578125,
            "interest": 0,
            "interest_accrued": null,
            "interest_accrued_date": null,
            "balance": 833.3300000000000409272615797817707061767578125,
            "status": "pending",
            "paid_date": null,
            "paid_amount": null,
            "created_at": "2026-01-03 11:16:44",
            "updated_at": "2026-01-03 11:16:44",
            "pdf_url": null,
            "xml_url": null
        },
        {
            "contract_id": 187,
            "lot_id": "169",
            "payment_plan_id": "2",
            "installment_number": 3,
            "due_date": "2026-03-03",
            "amount": 83.3299999999999982946974341757595539093017578125,
            "capital": 83.3299999999999982946974341757595539093017578125,
            "interest": 0,
            "interest_accrued": null,
            "interest_accrued_date": null,
            "balance": 750,
            "status": "pending",
            "paid_date": null,
            "paid_amount": null,
            "created_at": "2026-01-03 11:16:44",
            "updated_at": "2026-01-03 11:16:44",
            "pdf_url": null,
            "xml_url": null
        },
        {
            "contract_id": 187,
            "lot_id": "169",
            "payment_plan_id": "2",
            "installment_number": 4,
            "due_date": "2026-04-03",
            "amount": 83.3299999999999982946974341757595539093017578125,
            "capital": 83.3299999999999982946974341757595539093017578125,
            "interest": 0,
            "interest_accrued": null,
            "interest_accrued_date": null,
            "balance": 666.6699999999999590727384202182292938232421875,
            "status": "pending",
            "paid_date": null,
            "paid_amount": null,
            "created_at": "2026-01-03 11:16:44",
            "updated_at": "2026-01-03 11:16:44",
            "pdf_url": null,
            "xml_url": null
        },
        {
            "contract_id": 187,
            "lot_id": "169",
            "payment_plan_id": "2",
            "installment_number": 5,
            "due_date": "2026-05-03",
            "amount": 83.3299999999999982946974341757595539093017578125,
            "capital": 83.3299999999999982946974341757595539093017578125,
            "interest": 0,
            "interest_accrued": null,
            "interest_accrued_date": null,
            "balance": 583.3300000000000409272615797817707061767578125,
            "status": "pending",
            "paid_date": null,
            "paid_amount": null,
            "created_at": "2026-01-03 11:16:44",
            "updated_at": "2026-01-03 11:16:44",
            "pdf_url": null,
            "xml_url": null
        },
        {
            "contract_id": 187,
            "lot_id": "169",
            "payment_plan_id": "2",
            "installment_number": 6,
            "due_date": "2026-06-03",
            "amount": 83.3299999999999982946974341757595539093017578125,
            "capital": 83.3299999999999982946974341757595539093017578125,
            "interest": 0,
            "interest_accrued": null,
            "interest_accrued_date": null,
            "balance": 500,
            "status": "pending",
            "paid_date": null,
            "paid_amount": null,
            "created_at": "2026-01-03 11:16:44",
            "updated_at": "2026-01-03 11:16:44",
            "pdf_url": null,
            "xml_url": null
        },
        {
            "contract_id": 187,
            "lot_id": "169",
            "payment_plan_id": "2",
            "installment_number": 7,
            "due_date": "2026-07-03",
            "amount": 83.3299999999999982946974341757595539093017578125,
            "capital": 83.3299999999999982946974341757595539093017578125,
            "interest": 0,
            "interest_accrued": null,
            "interest_accrued_date": null,
            "balance": 416.67000000000001591615728102624416351318359375,
            "status": "pending",
            "paid_date": null,
            "paid_amount": null,
            "created_at": "2026-01-03 11:16:44",
            "updated_at": "2026-01-03 11:16:44",
            "pdf_url": null,
            "xml_url": null
        },
        {
            "contract_id": 187,
            "lot_id": "169",
            "payment_plan_id": "2",
            "installment_number": 8,
            "due_date": "2026-08-03",
            "amount": 83.3299999999999982946974341757595539093017578125,
            "capital": 83.3299999999999982946974341757595539093017578125,
            "interest": 0,
            "interest_accrued": null,
            "interest_accrued_date": null,
            "balance": 333.32999999999998408384271897375583648681640625,
            "status": "pending",
            "paid_date": null,
            "paid_amount": null,
            "created_at": "2026-01-03 11:16:44",
            "updated_at": "2026-01-03 11:16:44",
            "pdf_url": null,
            "xml_url": null
        },
        {
            "contract_id": 187,
            "lot_id": "169",
            "payment_plan_id": "2",
            "installment_number": 9,
            "due_date": "2026-09-03",
            "amount": 83.3299999999999982946974341757595539093017578125,
            "capital": 83.3299999999999982946974341757595539093017578125,
            "interest": 0,
            "interest_accrued": null,
            "interest_accrued_date": null,
            "balance": 250,
            "status": "pending",
            "paid_date": null,
            "paid_amount": null,
            "created_at": "2026-01-03 11:16:44",
            "updated_at": "2026-01-03 11:16:44",
            "pdf_url": null,
            "xml_url": null
        },
        {
            "contract_id": 187,
            "lot_id": "169",
            "payment_plan_id": "2",
            "installment_number": 10,
            "due_date": "2026-10-03",
            "amount": 83.3299999999999982946974341757595539093017578125,
            "capital": 83.3299999999999982946974341757595539093017578125,
            "interest": 0,
            "interest_accrued": null,
            "interest_accrued_date": null,
            "balance": 166.669999999999987494447850622236728668212890625,
            "status": "pending",
            "paid_date": null,
            "paid_amount": null,
            "created_at": "2026-01-03 11:16:44",
            "updated_at": "2026-01-03 11:16:44",
            "pdf_url": null,
            "xml_url": null
        },
        {
            "contract_id": 187,
            "lot_id": "169",
            "payment_plan_id": "2",
            "installment_number": 11,
            "due_date": "2026-11-03",
            "amount": 83.3299999999999982946974341757595539093017578125,
            "capital": 83.3299999999999982946974341757595539093017578125,
            "interest": 0,
            "interest_accrued": null,
            "interest_accrued_date": null,
            "balance": 83.3299999999999982946974341757595539093017578125,
            "status": "pending",
            "paid_date": null,
            "paid_amount": null,
            "created_at": "2026-01-03 11:16:44",
            "updated_at": "2026-01-03 11:16:44",
            "pdf_url": null,
            "xml_url": null
        },
        {
            "contract_id": 187,
            "lot_id": "169",
            "payment_plan_id": "2",
            "installment_number": 12,
            "due_date": "2026-12-03",
            "amount": 83.3299999999999982946974341757595539093017578125,
            "capital": 83.3299999999999982946974341757595539093017578125,
            "interest": 0,
            "interest_accrued": null,
            "interest_accrued_date": null,
            "balance": 0,
            "status": "pending",
            "paid_date": null,
            "paid_amount": null,
            "created_at": "2026-01-03 11:16:44",
            "updated_at": "2026-01-03 11:16:44",
            "pdf_url": null,
            "xml_url": null
        }
    ]
}