{
    "datetime": "2026-01-03 11:14:48",
    "contrato_data": {
        "lot_id": "163",
        "customer_id": "203",
        "total_amount": "1000",
        "financing_months": "36",
        "monthly_payment": 27.780000000000001136868377216160297393798828125,
        "contract_date": "2026-01-03",
        "status": "active",
        "contract_file": null,
        "voucher_url": null,
        "contract_number": "GV-2026-001",
        "payment_plan_id": "2",
        "contract_type": "arras",
        "sponsor_id": "28"
    },
    "cronograma": [
        {
            "contract_id": 186,
            "lot_id": "163",
            "payment_plan_id": "2",
            "installment_number": 1,
            "due_date": "2026-01-03",
            "amount": 27.780000000000001136868377216160297393798828125,
            "capital": 27.780000000000001136868377216160297393798828125,
            "interest": 0,
            "interest_accrued": null,
            "interest_accrued_date": null,
            "balance": 972.220000000000027284841053187847137451171875,
            "status": "pending",
            "paid_date": null,
            "paid_amount": null,
            "created_at": "2026-01-03 11:14:48",
            "updated_at": "2026-01-03 11:14:48",
            "pdf_url": null,
            "xml_url": null
        },
        {
            "contract_id": 186,
            "lot_id": "163",
            "payment_plan_id": "2",
            "installment_number": 2,
            "due_date": "2026-02-03",
            "amount": 27.780000000000001136868377216160297393798828125,
            "capital": 27.780000000000001136868377216160297393798828125,
            "interest": 0,
            "interest_accrued": null,
            "interest_accrued_date": null,
            "balance": 944.44000000000005456968210637569427490234375,
            "status": "pending",
            "paid_date": null,
            "paid_amount": null,
            "created_at": "2026-01-03 11:14:48",
            "updated_at": "2026-01-03 11:14:48",
            "pdf_url": null,
            "xml_url": null
        },
        {
            "contract_id": 186,
            "lot_id": "163",
            "payment_plan_id": "2",
            "installment_number": 3,
            "due_date": "2026-03-03",
            "amount": 27.780000000000001136868377216160297393798828125,
            "capital": 27.780000000000001136868377216160297393798828125,
            "interest": 0,
            "interest_accrued": null,
            "interest_accrued_date": null,
            "balance": 916.6699999999999590727384202182292938232421875,
            "status": "pending",
            "paid_date": null,
            "paid_amount": null,
            "created_at": "2026-01-03 11:14:48",
            "updated_at": "2026-01-03 11:14:48",
            "pdf_url": null,
            "xml_url": null
        },
        {
            "contract_id": 186,
            "lot_id": "163",
            "payment_plan_id": "2",
            "installment_number": 4,
            "due_date": "2026-04-03",
            "amount": 27.780000000000001136868377216160297393798828125,
            "capital": 27.780000000000001136868377216160297393798828125,
            "interest": 0,
            "interest_accrued": null,
            "interest_accrued_date": null,
            "balance": 888.8899999999999863575794734060764312744140625,
            "status": "pending",
            "paid_date": null,
            "paid_amount": null,
            "created_at": "2026-01-03 11:14:48",
            "updated_at": "2026-01-03 11:14:48",
            "pdf_url": null,
            "xml_url": null
        },
        {
            "contract_id": 186,
            "lot_id": "163",
            "payment_plan_id": "2",
            "installment_number": 5,
            "due_date": "2026-05-03",
            "amount": 27.780000000000001136868377216160297393798828125,
            "capital": 27.780000000000001136868377216160297393798828125,
            "interest": 0,
            "interest_accrued": null,
            "interest_accrued_date": null,
            "balance": 861.1100000000000136424205265939235687255859375,
            "status": "pending",
            "paid_date": null,
            "paid_amount": null,
            "created_at": "2026-01-03 11:14:48",
            "updated_at": "2026-01-03 11:14:48",
            "pdf_url": null,
            "xml_url": null
        },
        {
            "contract_id": 186,
            "lot_id": "163",
            "payment_plan_id": "2",
            "installment_number": 6,
            "due_date": "2026-06-03",
            "amount": 27.780000000000001136868377216160297393798828125,
            "capital": 27.780000000000001136868377216160297393798828125,
            "interest": 0,
            "interest_accrued": null,
            "interest_accrued_date": null,
            "balance": 833.3300000000000409272615797817707061767578125,
            "status": "pending",
            "paid_date": null,
            "paid_amount": null,
            "created_at": "2026-01-03 11:14:48",
            "updated_at": "2026-01-03 11:14:48",
            "pdf_url": null,
            "xml_url": null
        },
        {
            "contract_id": 186,
            "lot_id": "163",
            "payment_plan_id": "2",
            "installment_number": 7,
            "due_date": "2026-07-03",
            "amount": 27.780000000000001136868377216160297393798828125,
            "capital": 27.780000000000001136868377216160297393798828125,
            "interest": 0,
            "interest_accrued": null,
            "interest_accrued_date": null,
            "balance": 805.55999999999994543031789362430572509765625,
            "status": "pending",
            "paid_date": null,
            "paid_amount": null,
            "created_at": "2026-01-03 11:14:48",
            "updated_at": "2026-01-03 11:14:48",
            "pdf_url": null,
            "xml_url": null
        },
        {
            "contract_id": 186,
            "lot_id": "163",
            "payment_plan_id": "2",
            "installment_number": 8,
            "due_date": "2026-08-03",
            "amount": 27.780000000000001136868377216160297393798828125,
            "capital": 27.780000000000001136868377216160297393798828125,
            "interest": 0,
            "interest_accrued": null,
            "interest_accrued_date": null,
            "balance": 777.779999999999972715158946812152862548828125,
            "status": "pending",
            "paid_date": null,
            "paid_amount": null,
            "created_at": "2026-01-03 11:14:48",
            "updated_at": "2026-01-03 11:14:48",
            "pdf_url": null,
            "xml_url": null
        },
        {
            "contract_id": 186,
            "lot_id": "163",
            "payment_plan_id": "2",
            "installment_number": 9,
            "due_date": "2026-09-03",
            "amount": 27.780000000000001136868377216160297393798828125,
            "capital": 27.780000000000001136868377216160297393798828125,
            "interest": 0,
            "interest_accrued": null,
            "interest_accrued_date": null,
            "balance": 750,
            "status": "pending",
            "paid_date": null,
            "paid_amount": null,
            "created_at": "2026-01-03 11:14:48",
            "updated_at": "2026-01-03 11:14:48",
            "pdf_url": null,
            "xml_url": null
        },
        {
            "contract_id": 186,
            "lot_id": "163",
            "payment_plan_id": "2",
            "installment_number": 10,
            "due_date": "2026-10-03",
            "amount": 27.780000000000001136868377216160297393798828125,
            "capital": 27.780000000000001136868377216160297393798828125,
            "interest": 0,
            "interest_accrued": null,
            "interest_accrued_date": null,
            "balance": 722.220000000000027284841053187847137451171875,
            "status": "pending",
            "paid_date": null,
            "paid_amount": null,
            "created_at": "2026-01-03 11:14:48",
            "updated_at": "2026-01-03 11:14:48",
            "pdf_url": null,
            "xml_url": null
        },
        {
            "contract_id": 186,
            "lot_id": "163",
            "payment_plan_id": "2",
            "installment_number": 11,
            "due_date": "2026-11-03",
            "amount": 27.780000000000001136868377216160297393798828125,
            "capital": 27.780000000000001136868377216160297393798828125,
            "interest": 0,
            "interest_accrued": null,
            "interest_accrued_date": null,
            "balance": 694.44000000000005456968210637569427490234375,
            "status": "pending",
            "paid_date": null,
            "paid_amount": null,
            "created_at": "2026-01-03 11:14:48",
            "updated_at": "2026-01-03 11:14:48",
            "pdf_url": null,
            "xml_url": null
        },
        {
            "contract_id": 186,
            "lot_id": "163",
            "payment_plan_id": "2",
            "installment_number": 12,
            "due_date": "2026-12-03",
            "amount": 27.780000000000001136868377216160297393798828125,
            "capital": 27.780000000000001136868377216160297393798828125,
            "interest": 0,
            "interest_accrued": null,
            "interest_accrued_date": null,
            "balance": 666.6699999999999590727384202182292938232421875,
            "status": "pending",
            "paid_date": null,
            "paid_amount": null,
            "created_at": "2026-01-03 11:14:48",
            "updated_at": "2026-01-03 11:14:48",
            "pdf_url": null,
            "xml_url": null
        },
        {
            "contract_id": 186,
            "lot_id": "163",
            "payment_plan_id": "2",
            "installment_number": 13,
            "due_date": "2027-01-03",
            "amount": 27.780000000000001136868377216160297393798828125,
            "capital": 27.780000000000001136868377216160297393798828125,
            "interest": 0,
            "interest_accrued": null,
            "interest_accrued_date": null,
            "balance": 638.8899999999999863575794734060764312744140625,
            "status": "pending",
            "paid_date": null,
            "paid_amount": null,
            "created_at": "2026-01-03 11:14:48",
            "updated_at": "2026-01-03 11:14:48",
            "pdf_url": null,
            "xml_url": null
        },
        {
            "contract_id": 186,
            "lot_id": "163",
            "payment_plan_id": "2",
            "installment_number": 14,
            "due_date": "2027-02-03",
            "amount": 27.780000000000001136868377216160297393798828125,
            "capital": 27.780000000000001136868377216160297393798828125,
            "interest": 0,
            "interest_accrued": null,
            "interest_accrued_date": null,
            "balance": 611.1100000000000136424205265939235687255859375,
            "status": "pending",
            "paid_date": null,
            "paid_amount": null,
            "created_at": "2026-01-03 11:14:48",
            "updated_at": "2026-01-03 11:14:48",
            "pdf_url": null,
            "xml_url": null
        },
        {
            "contract_id": 186,
            "lot_id": "163",
            "payment_plan_id": "2",
            "installment_number": 15,
            "due_date": "2027-03-03",
            "amount": 27.780000000000001136868377216160297393798828125,
            "capital": 27.780000000000001136868377216160297393798828125,
            "interest": 0,
            "interest_accrued": null,
            "interest_accrued_date": null,
            "balance": 583.3300000000000409272615797817707061767578125,
            "status": "pending",
            "paid_date": null,
            "paid_amount": null,
            "created_at": "2026-01-03 11:14:48",
            "updated_at": "2026-01-03 11:14:48",
            "pdf_url": null,
            "xml_url": null
        },
        {
            "contract_id": 186,
            "lot_id": "163",
            "payment_plan_id": "2",
            "installment_number": 16,
            "due_date": "2027-04-03",
            "amount": 27.780000000000001136868377216160297393798828125,
            "capital": 27.780000000000001136868377216160297393798828125,
            "interest": 0,
            "interest_accrued": null,
            "interest_accrued_date": null,
            "balance": 555.55999999999994543031789362430572509765625,
            "status": "pending",
            "paid_date": null,
            "paid_amount": null,
            "created_at": "2026-01-03 11:14:48",
            "updated_at": "2026-01-03 11:14:48",
            "pdf_url": null,
            "xml_url": null
        },
        {
            "contract_id": 186,
            "lot_id": "163",
            "payment_plan_id": "2",
            "installment_number": 17,
            "due_date": "2027-05-03",
            "amount": 27.780000000000001136868377216160297393798828125,
            "capital": 27.780000000000001136868377216160297393798828125,
            "interest": 0,
            "interest_accrued": null,
            "interest_accrued_date": null,
            "balance": 527.779999999999972715158946812152862548828125,
            "status": "pending",
            "paid_date": null,
            "paid_amount": null,
            "created_at": "2026-01-03 11:14:48",
            "updated_at": "2026-01-03 11:14:48",
            "pdf_url": null,
            "xml_url": null
        },
        {
            "contract_id": 186,
            "lot_id": "163",
            "payment_plan_id": "2",
            "installment_number": 18,
            "due_date": "2027-06-03",
            "amount": 27.780000000000001136868377216160297393798828125,
            "capital": 27.780000000000001136868377216160297393798828125,
            "interest": 0,
            "interest_accrued": null,
            "interest_accrued_date": null,
            "balance": 500,
            "status": "pending",
            "paid_date": null,
            "paid_amount": null,
            "created_at": "2026-01-03 11:14:48",
            "updated_at": "2026-01-03 11:14:48",
            "pdf_url": null,
            "xml_url": null
        },
        {
            "contract_id": 186,
            "lot_id": "163",
            "payment_plan_id": "2",
            "installment_number": 19,
            "due_date": "2027-07-03",
            "amount": 27.780000000000001136868377216160297393798828125,
            "capital": 27.780000000000001136868377216160297393798828125,
            "interest": 0,
            "interest_accrued": null,
            "interest_accrued_date": null,
            "balance": 472.220000000000027284841053187847137451171875,
            "status": "pending",
            "paid_date": null,
            "paid_amount": null,
            "created_at": "2026-01-03 11:14:48",
            "updated_at": "2026-01-03 11:14:48",
            "pdf_url": null,
            "xml_url": null
        },
        {
            "contract_id": 186,
            "lot_id": "163",
            "payment_plan_id": "2",
            "installment_number": 20,
            "due_date": "2027-08-03",
            "amount": 27.780000000000001136868377216160297393798828125,
            "capital": 27.780000000000001136868377216160297393798828125,
            "interest": 0,
            "interest_accrued": null,
            "interest_accrued_date": null,
            "balance": 444.43999999999999772626324556767940521240234375,
            "status": "pending",
            "paid_date": null,
            "paid_amount": null,
            "created_at": "2026-01-03 11:14:48",
            "updated_at": "2026-01-03 11:14:48",
            "pdf_url": null,
            "xml_url": null
        },
        {
            "contract_id": 186,
            "lot_id": "163",
            "payment_plan_id": "2",
            "installment_number": 21,
            "due_date": "2027-09-03",
            "amount": 27.780000000000001136868377216160297393798828125,
            "capital": 27.780000000000001136868377216160297393798828125,
            "interest": 0,
            "interest_accrued": null,
            "interest_accrued_date": null,
            "balance": 416.67000000000001591615728102624416351318359375,
            "status": "pending",
            "paid_date": null,
            "paid_amount": null,
            "created_at": "2026-01-03 11:14:48",
            "updated_at": "2026-01-03 11:14:48",
            "pdf_url": null,
            "xml_url": null
        },
        {
            "contract_id": 186,
            "lot_id": "163",
            "payment_plan_id": "2",
            "installment_number": 22,
            "due_date": "2027-10-03",
            "amount": 27.780000000000001136868377216160297393798828125,
            "capital": 27.780000000000001136868377216160297393798828125,
            "interest": 0,
            "interest_accrued": null,
            "interest_accrued_date": null,
            "balance": 388.8899999999999863575794734060764312744140625,
            "status": "pending",
            "paid_date": null,
            "paid_amount": null,
            "created_at": "2026-01-03 11:14:48",
            "updated_at": "2026-01-03 11:14:48",
            "pdf_url": null,
            "xml_url": null
        },
        {
            "contract_id": 186,
            "lot_id": "163",
            "payment_plan_id": "2",
            "installment_number": 23,
            "due_date": "2027-11-03",
            "amount": 27.780000000000001136868377216160297393798828125,
            "capital": 27.780000000000001136868377216160297393798828125,
            "interest": 0,
            "interest_accrued": null,
            "interest_accrued_date": null,
            "balance": 361.1100000000000136424205265939235687255859375,
            "status": "pending",
            "paid_date": null,
            "paid_amount": null,
            "created_at": "2026-01-03 11:14:48",
            "updated_at": "2026-01-03 11:14:48",
            "pdf_url": null,
            "xml_url": null
        },
        {
            "contract_id": 186,
            "lot_id": "163",
            "payment_plan_id": "2",
            "installment_number": 24,
            "due_date": "2027-12-03",
            "amount": 27.780000000000001136868377216160297393798828125,
            "capital": 27.780000000000001136868377216160297393798828125,
            "interest": 0,
            "interest_accrued": null,
            "interest_accrued_date": null,
            "balance": 333.32999999999998408384271897375583648681640625,
            "status": "pending",
            "paid_date": null,
            "paid_amount": null,
            "created_at": "2026-01-03 11:14:48",
            "updated_at": "2026-01-03 11:14:48",
            "pdf_url": null,
            "xml_url": null
        },
        {
            "contract_id": 186,
            "lot_id": "163",
            "payment_plan_id": "2",
            "installment_number": 25,
            "due_date": "2028-01-03",
            "amount": 27.780000000000001136868377216160297393798828125,
            "capital": 27.780000000000001136868377216160297393798828125,
            "interest": 0,
            "interest_accrued": null,
            "interest_accrued_date": null,
            "balance": 305.56000000000000227373675443232059478759765625,
            "status": "pending",
            "paid_date": null,
            "paid_amount": null,
            "created_at": "2026-01-03 11:14:48",
            "updated_at": "2026-01-03 11:14:48",
            "pdf_url": null,
            "xml_url": null
        },
        {
            "contract_id": 186,
            "lot_id": "163",
            "payment_plan_id": "2",
            "installment_number": 26,
            "due_date": "2028-02-03",
            "amount": 27.780000000000001136868377216160297393798828125,
            "capital": 27.780000000000001136868377216160297393798828125,
            "interest": 0,
            "interest_accrued": null,
            "interest_accrued_date": null,
            "balance": 277.779999999999972715158946812152862548828125,
            "status": "pending",
            "paid_date": null,
            "paid_amount": null,
            "created_at": "2026-01-03 11:14:48",
            "updated_at": "2026-01-03 11:14:48",
            "pdf_url": null,
            "xml_url": null
        },
        {
            "contract_id": 186,
            "lot_id": "163",
            "payment_plan_id": "2",
            "installment_number": 27,
            "due_date": "2028-03-03",
            "amount": 27.780000000000001136868377216160297393798828125,
            "capital": 27.780000000000001136868377216160297393798828125,
            "interest": 0,
            "interest_accrued": null,
            "interest_accrued_date": null,
            "balance": 250,
            "status": "pending",
            "paid_date": null,
            "paid_amount": null,
            "created_at": "2026-01-03 11:14:48",
            "updated_at": "2026-01-03 11:14:48",
            "pdf_url": null,
            "xml_url": null
        },
        {
            "contract_id": 186,
            "lot_id": "163",
            "payment_plan_id": "2",
            "installment_number": 28,
            "due_date": "2028-04-03",
            "amount": 27.780000000000001136868377216160297393798828125,
            "capital": 27.780000000000001136868377216160297393798828125,
            "interest": 0,
            "interest_accrued": null,
            "interest_accrued_date": null,
            "balance": 222.219999999999998863131622783839702606201171875,
            "status": "pending",
            "paid_date": null,
            "paid_amount": null,
            "created_at": "2026-01-03 11:14:48",
            "updated_at": "2026-01-03 11:14:48",
            "pdf_url": null,
            "xml_url": null
        },
        {
            "contract_id": 186,
            "lot_id": "163",
            "payment_plan_id": "2",
            "installment_number": 29,
            "due_date": "2028-05-03",
            "amount": 27.780000000000001136868377216160297393798828125,
            "capital": 27.780000000000001136868377216160297393798828125,
            "interest": 0,
            "interest_accrued": null,
            "interest_accrued_date": null,
            "balance": 194.43999999999999772626324556767940521240234375,
            "status": "pending",
            "paid_date": null,
            "paid_amount": null,
            "created_at": "2026-01-03 11:14:48",
            "updated_at": "2026-01-03 11:14:48",
            "pdf_url": null,
            "xml_url": null
        },
        {
            "contract_id": 186,
            "lot_id": "163",
            "payment_plan_id": "2",
            "installment_number": 30,
            "due_date": "2028-06-03",
            "amount": 27.780000000000001136868377216160297393798828125,
            "capital": 27.780000000000001136868377216160297393798828125,
            "interest": 0,
            "interest_accrued": null,
            "interest_accrued_date": null,
            "balance": 166.669999999999987494447850622236728668212890625,
            "status": "pending",
            "paid_date": null,
            "paid_amount": null,
            "created_at": "2026-01-03 11:14:48",
            "updated_at": "2026-01-03 11:14:48",
            "pdf_url": null,
            "xml_url": null
        },
        {
            "contract_id": 186,
            "lot_id": "163",
            "payment_plan_id": "2",
            "installment_number": 31,
            "due_date": "2028-07-03",
            "amount": 27.780000000000001136868377216160297393798828125,
            "capital": 27.780000000000001136868377216160297393798828125,
            "interest": 0,
            "interest_accrued": null,
            "interest_accrued_date": null,
            "balance": 138.8899999999999863575794734060764312744140625,
            "status": "pending",
            "paid_date": null,
            "paid_amount": null,
            "created_at": "2026-01-03 11:14:48",
            "updated_at": "2026-01-03 11:14:48",
            "pdf_url": null,
            "xml_url": null
        },
        {
            "contract_id": 186,
            "lot_id": "163",
            "payment_plan_id": "2",
            "installment_number": 32,
            "due_date": "2028-08-03",
            "amount": 27.780000000000001136868377216160297393798828125,
            "capital": 27.780000000000001136868377216160297393798828125,
            "interest": 0,
            "interest_accrued": null,
            "interest_accrued_date": null,
            "balance": 111.1099999999999994315658113919198513031005859375,
            "status": "pending",
            "paid_date": null,
            "paid_amount": null,
            "created_at": "2026-01-03 11:14:48",
            "updated_at": "2026-01-03 11:14:48",
            "pdf_url": null,
            "xml_url": null
        },
        {
            "contract_id": 186,
            "lot_id": "163",
            "payment_plan_id": "2",
            "installment_number": 33,
            "due_date": "2028-09-03",
            "amount": 27.780000000000001136868377216160297393798828125,
            "capital": 27.780000000000001136868377216160297393798828125,
            "interest": 0,
            "interest_accrued": null,
            "interest_accrued_date": null,
            "balance": 83.3299999999999982946974341757595539093017578125,
            "status": "pending",
            "paid_date": null,
            "paid_amount": null,
            "created_at": "2026-01-03 11:14:48",
            "updated_at": "2026-01-03 11:14:48",
            "pdf_url": null,
            "xml_url": null
        },
        {
            "contract_id": 186,
            "lot_id": "163",
            "payment_plan_id": "2",
            "installment_number": 34,
            "due_date": "2028-10-03",
            "amount": 27.780000000000001136868377216160297393798828125,
            "capital": 27.780000000000001136868377216160297393798828125,
            "interest": 0,
            "interest_accrued": null,
            "interest_accrued_date": null,
            "balance": 55.56000000000000227373675443232059478759765625,
            "status": "pending",
            "paid_date": null,
            "paid_amount": null,
            "created_at": "2026-01-03 11:14:48",
            "updated_at": "2026-01-03 11:14:48",
            "pdf_url": null,
            "xml_url": null
        },
        {
            "contract_id": 186,
            "lot_id": "163",
            "payment_plan_id": "2",
            "installment_number": 35,
            "due_date": "2028-11-03",
            "amount": 27.780000000000001136868377216160297393798828125,
            "capital": 27.780000000000001136868377216160297393798828125,
            "interest": 0,
            "interest_accrued": null,
            "interest_accrued_date": null,
            "balance": 27.780000000000001136868377216160297393798828125,
            "status": "pending",
            "paid_date": null,
            "paid_amount": null,
            "created_at": "2026-01-03 11:14:48",
            "updated_at": "2026-01-03 11:14:48",
            "pdf_url": null,
            "xml_url": null
        },
        {
            "contract_id": 186,
            "lot_id": "163",
            "payment_plan_id": "2",
            "installment_number": 36,
            "due_date": "2028-12-03",
            "amount": 27.780000000000001136868377216160297393798828125,
            "capital": 27.780000000000001136868377216160297393798828125,
            "interest": 0,
            "interest_accrued": null,
            "interest_accrued_date": null,
            "balance": 0,
            "status": "pending",
            "paid_date": null,
            "paid_amount": null,
            "created_at": "2026-01-03 11:14:48",
            "updated_at": "2026-01-03 11:14:48",
            "pdf_url": null,
            "xml_url": null
        }
    ]
}